
Allocating common symbols
Common symbol       size              file

HSEStartUpStatus    0x1               ..\obj\openesc_v01.o
rcPwm               0x6               ..\obj\rcPwm.o
RCC_ClockFreq       0x14              ..\obj\openesc_v01.o
GPIO_InitStructure  0x4               ..\obj\openesc_v01.o

Discarded input sections

 .text          0x00000000        0x0 ..\obj\stm32f10x_rtc.o
 .data          0x00000000        0x0 ..\obj\stm32f10x_rtc.o
 .bss           0x00000000        0x0 ..\obj\stm32f10x_rtc.o
 .text.RTC_ITConfig
                0x00000000       0x60 ..\obj\stm32f10x_rtc.o
 .text.RTC_EnterConfigMode
                0x00000000       0x28 ..\obj\stm32f10x_rtc.o
 .text.RTC_ExitConfigMode
                0x00000000       0x28 ..\obj\stm32f10x_rtc.o
 .text.RTC_GetCounter
                0x00000000       0x38 ..\obj\stm32f10x_rtc.o
 .text.RTC_SetCounter
                0x00000000       0x38 ..\obj\stm32f10x_rtc.o
 .text.RTC_SetPrescaler
                0x00000000       0x3c ..\obj\stm32f10x_rtc.o
 .text.RTC_SetAlarm
                0x00000000       0x38 ..\obj\stm32f10x_rtc.o
 .text.RTC_GetDivider
                0x00000000       0x44 ..\obj\stm32f10x_rtc.o
 .text.RTC_WaitForLastTask
                0x00000000       0x20 ..\obj\stm32f10x_rtc.o
 .text.RTC_WaitForSynchro
                0x00000000       0x3c ..\obj\stm32f10x_rtc.o
 .text.RTC_GetFlagStatus
                0x00000000       0x44 ..\obj\stm32f10x_rtc.o
 .text.RTC_ClearFlag
                0x00000000       0x38 ..\obj\stm32f10x_rtc.o
 .text.RTC_GetITStatus
                0x00000000       0x60 ..\obj\stm32f10x_rtc.o
 .text.RTC_ClearITPendingBit
                0x00000000       0x38 ..\obj\stm32f10x_rtc.o
 .text          0x00000000        0x0 ..\obj\semihosting.o
 .data          0x00000000        0x0 ..\obj\semihosting.o
 .bss           0x00000000       0x44 ..\obj\semihosting.o
 .text.SH_SendChar
                0x00000000       0x98 ..\obj\semihosting.o
 .text.SH_SendString
                0x00000000       0x28 ..\obj\semihosting.o
 .text.SH_GetChar
                0x00000000       0x4c ..\obj\semihosting.o
 .text          0x00000000        0x0 ..\obj\stm32f10x_tim.o
 .data          0x00000000        0x0 ..\obj\stm32f10x_tim.o
 .bss           0x00000000        0x0 ..\obj\stm32f10x_tim.o
 .text.TIM_DeInit
                0x00000000      0x2b0 ..\obj\stm32f10x_tim.o
 .text.TIM_TimeBaseInit
                0x00000000      0x11c ..\obj\stm32f10x_tim.o
 .text.TIM_OC1Init
                0x00000000      0x128 ..\obj\stm32f10x_tim.o
 .text.TIM_OC2Init
                0x00000000      0x128 ..\obj\stm32f10x_tim.o
 .text.TIM_OC3Init
                0x00000000      0x120 ..\obj\stm32f10x_tim.o
 .text.TIM_OC4Init
                0x00000000       0xe0 ..\obj\stm32f10x_tim.o
 .text.TIM_ICInit
                0x00000000       0xa8 ..\obj\stm32f10x_tim.o
 .text.TIM_PWMIConfig
                0x00000000       0xc4 ..\obj\stm32f10x_tim.o
 .text.TIM_BDTRConfig
                0x00000000       0x50 ..\obj\stm32f10x_tim.o
 .text.TIM_TimeBaseStructInit
                0x00000000       0x3c ..\obj\stm32f10x_tim.o
 .text.TIM_OCStructInit
                0x00000000       0x54 ..\obj\stm32f10x_tim.o
 .text.TIM_ICStructInit
                0x00000000       0x3c ..\obj\stm32f10x_tim.o
 .text.TIM_BDTRStructInit
                0x00000000       0x4c ..\obj\stm32f10x_tim.o
 .text.TIM_Cmd  0x00000000       0x40 ..\obj\stm32f10x_tim.o
 .text.TIM_CtrlPWMOutputs
                0x00000000       0x50 ..\obj\stm32f10x_tim.o
 .text.TIM_ITConfig
                0x00000000       0x48 ..\obj\stm32f10x_tim.o
 .text.TIM_GenerateEvent
                0x00000000       0x1c ..\obj\stm32f10x_tim.o
 .text.TIM_DMAConfig
                0x00000000       0x28 ..\obj\stm32f10x_tim.o
 .text.TIM_DMACmd
                0x00000000       0x48 ..\obj\stm32f10x_tim.o
 .text.TIM_InternalClockConfig
                0x00000000       0x24 ..\obj\stm32f10x_tim.o
 .text.TIM_ITRxExternalClockConfig
                0x00000000       0x30 ..\obj\stm32f10x_tim.o
 .text.TIM_TIxExternalClockConfig
                0x00000000       0x58 ..\obj\stm32f10x_tim.o
 .text.TIM_ETRClockMode1Config
                0x00000000       0x54 ..\obj\stm32f10x_tim.o
 .text.TIM_ETRClockMode2Config
                0x00000000       0x34 ..\obj\stm32f10x_tim.o
 .text.TIM_ETRConfig
                0x00000000       0x4c ..\obj\stm32f10x_tim.o
 .text.TIM_PrescalerConfig
                0x00000000       0x28 ..\obj\stm32f10x_tim.o
 .text.TIM_CounterModeConfig
                0x00000000       0x38 ..\obj\stm32f10x_tim.o
 .text.TIM_SelectInputTrigger
                0x00000000       0x38 ..\obj\stm32f10x_tim.o
 .text.TIM_EncoderInterfaceConfig
                0x00000000       0x94 ..\obj\stm32f10x_tim.o
 .text.TIM_ForcedOC1Config
                0x00000000       0x38 ..\obj\stm32f10x_tim.o
 .text.TIM_ForcedOC2Config
                0x00000000       0x40 ..\obj\stm32f10x_tim.o
 .text.TIM_ForcedOC3Config
                0x00000000       0x38 ..\obj\stm32f10x_tim.o
 .text.TIM_ForcedOC4Config
                0x00000000       0x40 ..\obj\stm32f10x_tim.o
 .text.TIM_ARRPreloadConfig
                0x00000000       0x40 ..\obj\stm32f10x_tim.o
 .text.TIM_SelectCOM
                0x00000000       0x40 ..\obj\stm32f10x_tim.o
 .text.TIM_SelectCCDMA
                0x00000000       0x40 ..\obj\stm32f10x_tim.o
 .text.TIM_CCPreloadControl
                0x00000000       0x40 ..\obj\stm32f10x_tim.o
 .text.TIM_OC1PreloadConfig
                0x00000000       0x38 ..\obj\stm32f10x_tim.o
 .text.TIM_OC2PreloadConfig
                0x00000000       0x40 ..\obj\stm32f10x_tim.o
 .text.TIM_OC3PreloadConfig
                0x00000000       0x38 ..\obj\stm32f10x_tim.o
 .text.TIM_OC4PreloadConfig
                0x00000000       0x40 ..\obj\stm32f10x_tim.o
 .text.TIM_OC1FastConfig
                0x00000000       0x38 ..\obj\stm32f10x_tim.o
 .text.TIM_OC2FastConfig
                0x00000000       0x40 ..\obj\stm32f10x_tim.o
 .text.TIM_OC3FastConfig
                0x00000000       0x38 ..\obj\stm32f10x_tim.o
 .text.TIM_OC4FastConfig
                0x00000000       0x40 ..\obj\stm32f10x_tim.o
 .text.TIM_ClearOC1Ref
                0x00000000       0x38 ..\obj\stm32f10x_tim.o
 .text.TIM_ClearOC2Ref
                0x00000000       0x44 ..\obj\stm32f10x_tim.o
 .text.TIM_ClearOC3Ref
                0x00000000       0x38 ..\obj\stm32f10x_tim.o
 .text.TIM_ClearOC4Ref
                0x00000000       0x44 ..\obj\stm32f10x_tim.o
 .text.TIM_OC1PolarityConfig
                0x00000000       0x38 ..\obj\stm32f10x_tim.o
 .text.TIM_OC1NPolarityConfig
                0x00000000       0x38 ..\obj\stm32f10x_tim.o
 .text.TIM_OC2PolarityConfig
                0x00000000       0x40 ..\obj\stm32f10x_tim.o
 .text.TIM_OC2NPolarityConfig
                0x00000000       0x40 ..\obj\stm32f10x_tim.o
 .text.TIM_OC3PolarityConfig
                0x00000000       0x40 ..\obj\stm32f10x_tim.o
 .text.TIM_OC3NPolarityConfig
                0x00000000       0x40 ..\obj\stm32f10x_tim.o
 .text.TIM_OC4PolarityConfig
                0x00000000       0x40 ..\obj\stm32f10x_tim.o
 .text.TIM_CCxCmd
                0x00000000       0x5c ..\obj\stm32f10x_tim.o
 .text.TIM_CCxNCmd
                0x00000000       0x5c ..\obj\stm32f10x_tim.o
 .text.TIM_SelectOCxM
                0x00000000       0xbc ..\obj\stm32f10x_tim.o
 .text.TIM_UpdateDisableConfig
                0x00000000       0x40 ..\obj\stm32f10x_tim.o
 .text.TIM_UpdateRequestConfig
                0x00000000       0x40 ..\obj\stm32f10x_tim.o
 .text.TIM_SelectHallSensor
                0x00000000       0x40 ..\obj\stm32f10x_tim.o
 .text.TIM_SelectOnePulseMode
                0x00000000       0x38 ..\obj\stm32f10x_tim.o
 .text.TIM_SelectOutputTrigger
                0x00000000       0x38 ..\obj\stm32f10x_tim.o
 .text.TIM_SelectSlaveMode
                0x00000000       0x38 ..\obj\stm32f10x_tim.o
 .text.TIM_SelectMasterSlaveMode
                0x00000000       0x38 ..\obj\stm32f10x_tim.o
 .text.TIM_SetCounter
                0x00000000       0x1c ..\obj\stm32f10x_tim.o
 .text.TIM_SetAutoreload
                0x00000000       0x1c ..\obj\stm32f10x_tim.o
 .text.TIM_SetCompare1
                0x00000000       0x1c ..\obj\stm32f10x_tim.o
 .text.TIM_SetCompare2
                0x00000000       0x1c ..\obj\stm32f10x_tim.o
 .text.TIM_SetCompare3
                0x00000000       0x1c ..\obj\stm32f10x_tim.o
 .text.TIM_SetCompare4
                0x00000000       0x20 ..\obj\stm32f10x_tim.o
 .text.TIM_SetIC1Prescaler
                0x00000000       0x38 ..\obj\stm32f10x_tim.o
 .text.TIM_SetIC2Prescaler
                0x00000000       0x3c ..\obj\stm32f10x_tim.o
 .text.TIM_SetIC3Prescaler
                0x00000000       0x38 ..\obj\stm32f10x_tim.o
 .text.TIM_SetIC4Prescaler
                0x00000000       0x3c ..\obj\stm32f10x_tim.o
 .text.TIM_SetClockDivision
                0x00000000       0x38 ..\obj\stm32f10x_tim.o
 .text.TIM_GetCapture1
                0x00000000       0x1c ..\obj\stm32f10x_tim.o
 .text.TIM_GetCapture2
                0x00000000       0x1c ..\obj\stm32f10x_tim.o
 .text.TIM_GetCapture3
                0x00000000       0x1c ..\obj\stm32f10x_tim.o
 .text.TIM_GetCapture4
                0x00000000       0x1c ..\obj\stm32f10x_tim.o
 .text.TIM_GetCounter
                0x00000000       0x1c ..\obj\stm32f10x_tim.o
 .text.TIM_GetPrescaler
                0x00000000       0x1c ..\obj\stm32f10x_tim.o
 .text.TIM_GetFlagStatus
                0x00000000       0x40 ..\obj\stm32f10x_tim.o
 .text.TIM_ClearFlag
                0x00000000       0x24 ..\obj\stm32f10x_tim.o
 .text.TIM_GetITStatus
                0x00000000       0x60 ..\obj\stm32f10x_tim.o
 .text.TIM_ClearITPendingBit
                0x00000000       0x24 ..\obj\stm32f10x_tim.o
 .text.TI1_Config
                0x00000000       0xe4 ..\obj\stm32f10x_tim.o
 .text.TI2_Config
                0x00000000      0x104 ..\obj\stm32f10x_tim.o
 .text.TI3_Config
                0x00000000       0xf4 ..\obj\stm32f10x_tim.o
 .text.TI4_Config
                0x00000000      0x10c ..\obj\stm32f10x_tim.o
 .text          0x00000000        0x0 ..\obj\core_cm3.o
 .data          0x00000000        0x0 ..\obj\core_cm3.o
 .bss           0x00000000        0x0 ..\obj\core_cm3.o
 .text.__get_PSP
                0x00000000       0x10 ..\obj\core_cm3.o
 .text.__set_PSP
                0x00000000        0x8 ..\obj\core_cm3.o
 .text.__get_MSP
                0x00000000       0x10 ..\obj\core_cm3.o
 .text.__set_MSP
                0x00000000        0x8 ..\obj\core_cm3.o
 .text.__get_BASEPRI
                0x00000000       0x20 ..\obj\core_cm3.o
 .text.__set_BASEPRI
                0x00000000       0x18 ..\obj\core_cm3.o
 .text.__get_PRIMASK
                0x00000000       0x20 ..\obj\core_cm3.o
 .text.__set_PRIMASK
                0x00000000       0x18 ..\obj\core_cm3.o
 .text.__get_FAULTMASK
                0x00000000       0x20 ..\obj\core_cm3.o
 .text.__set_FAULTMASK
                0x00000000       0x18 ..\obj\core_cm3.o
 .text.__get_CONTROL
                0x00000000       0x20 ..\obj\core_cm3.o
 .text.__set_CONTROL
                0x00000000       0x18 ..\obj\core_cm3.o
 .text.__REV    0x00000000       0x24 ..\obj\core_cm3.o
 .text.__REV16  0x00000000       0x24 ..\obj\core_cm3.o
 .text.__REVSH  0x00000000       0x24 ..\obj\core_cm3.o
 .text.__RBIT   0x00000000       0x24 ..\obj\core_cm3.o
 .text.__LDREXB
                0x00000000       0x24 ..\obj\core_cm3.o
 .text.__LDREXH
                0x00000000       0x24 ..\obj\core_cm3.o
 .text.__LDREXW
                0x00000000       0x24 ..\obj\core_cm3.o
 .text.__STREXB
                0x00000000       0x2c ..\obj\core_cm3.o
 .text.__STREXH
                0x00000000       0x2c ..\obj\core_cm3.o
 .text.__STREXW
                0x00000000       0x28 ..\obj\core_cm3.o
 .text          0x00000000        0x0 ..\obj\openesc_v01.o
 .data          0x00000000        0x0 ..\obj\openesc_v01.o
 .bss           0x00000000        0x0 ..\obj\openesc_v01.o
 .text          0x00000000        0x0 ..\obj\stm32f10x_dbgmcu.o
 .data          0x00000000        0x0 ..\obj\stm32f10x_dbgmcu.o
 .bss           0x00000000        0x0 ..\obj\stm32f10x_dbgmcu.o
 .text.DBGMCU_GetREVID
                0x00000000       0x1c ..\obj\stm32f10x_dbgmcu.o
 .text.DBGMCU_GetDEVID
                0x00000000       0x20 ..\obj\stm32f10x_dbgmcu.o
 .text.DBGMCU_Config
                0x00000000       0x58 ..\obj\stm32f10x_dbgmcu.o
 .text          0x00000000        0x0 ..\obj\system_stm32f10x.o
 .data          0x00000000       0x14 ..\obj\system_stm32f10x.o
 .bss           0x00000000        0x0 ..\obj\system_stm32f10x.o
 .text.SystemCoreClockUpdate
                0x00000000      0x148 ..\obj\system_stm32f10x.o
 .text          0x00000000        0x0 ..\obj\stm32f10x_pwr.o
 .data          0x00000000        0x0 ..\obj\stm32f10x_pwr.o
 .bss           0x00000000        0x0 ..\obj\stm32f10x_pwr.o
 .text.__WFI    0x00000000        0xc ..\obj\stm32f10x_pwr.o
 .text.__WFE    0x00000000        0xc ..\obj\stm32f10x_pwr.o
 .text.PWR_DeInit
                0x00000000       0x20 ..\obj\stm32f10x_pwr.o
 .text.PWR_BackupAccessCmd
                0x00000000       0x20 ..\obj\stm32f10x_pwr.o
 .text.PWR_PVDCmd
                0x00000000       0x20 ..\obj\stm32f10x_pwr.o
 .text.PWR_PVDLevelConfig
                0x00000000       0x40 ..\obj\stm32f10x_pwr.o
 .text.PWR_WakeUpPinCmd
                0x00000000       0x20 ..\obj\stm32f10x_pwr.o
 .text.PWR_EnterSTOPMode
                0x00000000       0x84 ..\obj\stm32f10x_pwr.o
 .text.PWR_EnterSTANDBYMode
                0x00000000       0x54 ..\obj\stm32f10x_pwr.o
 .text.PWR_GetFlagStatus
                0x00000000       0x40 ..\obj\stm32f10x_pwr.o
 .text.PWR_ClearFlag
                0x00000000       0x30 ..\obj\stm32f10x_pwr.o
 .text          0x00000000        0x0 ..\obj\startup_stm32f10x_md.o
 .data          0x00000000        0x0 ..\obj\startup_stm32f10x_md.o
 .bss           0x00000000        0x0 ..\obj\startup_stm32f10x_md.o
 .text          0x00000000        0x0 ..\obj\stm32f10x_can.o
 .data          0x00000000        0x0 ..\obj\stm32f10x_can.o
 .bss           0x00000000        0x0 ..\obj\stm32f10x_can.o
 .text.CAN_DeInit
                0x00000000       0x50 ..\obj\stm32f10x_can.o
 .text.CAN_Init
                0x00000000      0x1c0 ..\obj\stm32f10x_can.o
 .text.CAN_FilterInit
                0x00000000      0x220 ..\obj\stm32f10x_can.o
 .text.CAN_StructInit
                0x00000000       0x6c ..\obj\stm32f10x_can.o
 .text.CAN_SlaveStartBank
                0x00000000       0x90 ..\obj\stm32f10x_can.o
 .text.CAN_DBGFreeze
                0x00000000       0x38 ..\obj\stm32f10x_can.o
 .text.CAN_TTComModeCmd
                0x00000000       0x98 ..\obj\stm32f10x_can.o
 .text.CAN_Transmit
                0x00000000      0x1e4 ..\obj\stm32f10x_can.o
 .text.CAN_TransmitStatus
                0x00000000      0x114 ..\obj\stm32f10x_can.o
 .text.CAN_CancelTransmit
                0x00000000       0x50 ..\obj\stm32f10x_can.o
 .text.CAN_Receive
                0x00000000      0x1a8 ..\obj\stm32f10x_can.o
 .text.CAN_FIFORelease
                0x00000000       0x38 ..\obj\stm32f10x_can.o
 .text.CAN_MessagePending
                0x00000000       0x50 ..\obj\stm32f10x_can.o
 .text.CAN_OperatingModeRequest
                0x00000000      0x114 ..\obj\stm32f10x_can.o
 .text.CAN_Sleep
                0x00000000       0x40 ..\obj\stm32f10x_can.o
 .text.CAN_WakeUp
                0x00000000       0x5c ..\obj\stm32f10x_can.o
 .text.CAN_GetLastErrorCode
                0x00000000       0x28 ..\obj\stm32f10x_can.o
 .text.CAN_GetReceiveErrorCounter
                0x00000000       0x28 ..\obj\stm32f10x_can.o
 .text.CAN_GetLSBTransmitErrorCounter
                0x00000000       0x2c ..\obj\stm32f10x_can.o
 .text.CAN_ITConfig
                0x00000000       0x40 ..\obj\stm32f10x_can.o
 .text.CAN_GetFlagStatus
                0x00000000      0x104 ..\obj\stm32f10x_can.o
 .text.CAN_ClearFlag
                0x00000000       0x7c ..\obj\stm32f10x_can.o
 .text.CAN_GetITStatus
                0x00000000      0x1bc ..\obj\stm32f10x_can.o
 .text.CAN_ClearITPendingBit
                0x00000000       0xfc ..\obj\stm32f10x_can.o
 .text.CheckITStatus
                0x00000000       0x38 ..\obj\stm32f10x_can.o
 .text          0x00000000        0x0 ..\obj\stm32f10x_gpio.o
 .data          0x00000000        0x0 ..\obj\stm32f10x_gpio.o
 .bss           0x00000000        0x0 ..\obj\stm32f10x_gpio.o
 .text.GPIO_DeInit
                0x00000000      0x128 ..\obj\stm32f10x_gpio.o
 .text.GPIO_AFIODeInit
                0x00000000       0x20 ..\obj\stm32f10x_gpio.o
 .text.GPIO_StructInit
                0x00000000       0x2c ..\obj\stm32f10x_gpio.o
 .text.GPIO_ReadInputDataBit
                0x00000000       0x3c ..\obj\stm32f10x_gpio.o
 .text.GPIO_ReadInputData
                0x00000000       0x1c ..\obj\stm32f10x_gpio.o
 .text.GPIO_ReadOutputDataBit
                0x00000000       0x3c ..\obj\stm32f10x_gpio.o
 .text.GPIO_ReadOutputData
                0x00000000       0x1c ..\obj\stm32f10x_gpio.o
 .text.GPIO_SetBits
                0x00000000       0x1c ..\obj\stm32f10x_gpio.o
 .text.GPIO_ResetBits
                0x00000000       0x1c ..\obj\stm32f10x_gpio.o
 .text.GPIO_WriteBit
                0x00000000       0x30 ..\obj\stm32f10x_gpio.o
 .text.GPIO_Write
                0x00000000       0x1c ..\obj\stm32f10x_gpio.o
 .text.GPIO_PinLockConfig
                0x00000000       0x44 ..\obj\stm32f10x_gpio.o
 .text.GPIO_EventOutputConfig
                0x00000000       0x54 ..\obj\stm32f10x_gpio.o
 .text.GPIO_EventOutputCmd
                0x00000000       0x20 ..\obj\stm32f10x_gpio.o
 .text.GPIO_PinRemapConfig
                0x00000000      0x120 ..\obj\stm32f10x_gpio.o
 .text.GPIO_EXTILineConfig
                0x00000000       0xb4 ..\obj\stm32f10x_gpio.o
 .text.GPIO_ETH_MediaInterfaceConfig
                0x00000000       0x20 ..\obj\stm32f10x_gpio.o
 .text          0x00000000        0x0 ..\obj\main.o
 .data          0x00000000        0x0 ..\obj\main.o
 .bss           0x00000000        0x0 ..\obj\main.o
 .text          0x00000000        0x0 ..\obj\stm32f10x_crc.o
 .data          0x00000000        0x0 ..\obj\stm32f10x_crc.o
 .bss           0x00000000        0x0 ..\obj\stm32f10x_crc.o
 .text.CRC_ResetDR
                0x00000000       0x18 ..\obj\stm32f10x_crc.o
 .text.CRC_CalcCRC
                0x00000000       0x2c ..\obj\stm32f10x_crc.o
 .text.CRC_CalcBlockCRC
                0x00000000       0x54 ..\obj\stm32f10x_crc.o
 .text.CRC_GetCRC
                0x00000000       0x18 ..\obj\stm32f10x_crc.o
 .text.CRC_SetIDRegister
                0x00000000       0x20 ..\obj\stm32f10x_crc.o
 .text.CRC_GetIDRegister
                0x00000000       0x18 ..\obj\stm32f10x_crc.o
 .text          0x00000000        0x0 ..\obj\rcPwm.o
 .data          0x00000000        0x0 ..\obj\rcPwm.o
 .bss           0x00000000        0x0 ..\obj\rcPwm.o
 .text.getRisingEdgeTime
                0x00000000       0x18 ..\obj\rcPwm.o
 .text.getFallingEdgeTime
                0x00000000       0x1c ..\obj\rcPwm.o
 .text.TIM3_CC_IRQHandler
                0x00000000       0x90 ..\obj\rcPwm.o
 COMMON         0x00000000        0x6 ..\obj\rcPwm.o
 .text          0x00000000        0x0 ..\obj\printf.o
 .data          0x00000000      0x430 ..\obj\printf.o
 .bss           0x00000000        0x0 ..\obj\printf.o
 .text.PrintChar
                0x00000000       0x14 ..\obj\printf.o
 .text.PutChar  0x00000000       0x24 ..\obj\printf.o
 .text.PutString
                0x00000000       0x48 ..\obj\printf.o
 .text.PutUnsignedInt
                0x00000000       0xbc ..\obj\printf.o
 .text.PutSignedInt
                0x00000000      0x130 ..\obj\printf.o
 .text.PutHexa  0x00000000       0xe8 ..\obj\printf.o
 .text.vsnprintf
                0x00000000      0x2b0 ..\obj\printf.o
 .text.snprintf
                0x00000000       0x34 ..\obj\printf.o
 .text.vsprintf
                0x00000000       0x28 ..\obj\printf.o
 .rodata        0x00000000       0x24 ..\obj\printf.o
 .text.vfprintf
                0x00000000       0x6c ..\obj\printf.o
 .text.vprintf  0x00000000       0x2c ..\obj\printf.o
 .text.fprintf  0x00000000       0x30 ..\obj\printf.o
 .text.printf   0x00000000       0x2c ..\obj\printf.o
 .text.sprintf  0x00000000       0x30 ..\obj\printf.o
 .text.puts     0x00000000       0x28 ..\obj\printf.o
 .text.fputc    0x00000000       0x4c ..\obj\printf.o
 .text.fputs    0x00000000       0x50 ..\obj\printf.o
 .text          0x00000000        0x0 ..\obj\stm32f10x_rcc.o
 .data          0x00000000       0x14 ..\obj\stm32f10x_rcc.o
 .bss           0x00000000        0x0 ..\obj\stm32f10x_rcc.o
 .text.RCC_AdjustHSICalibrationValue
                0x00000000       0x48 ..\obj\stm32f10x_rcc.o
 .text.RCC_HSICmd
                0x00000000       0x20 ..\obj\stm32f10x_rcc.o
 .text.RCC_ITConfig
                0x00000000       0x60 ..\obj\stm32f10x_rcc.o
 .text.RCC_USBCLKConfig
                0x00000000       0x20 ..\obj\stm32f10x_rcc.o
 .text.RCC_ADCCLKConfig
                0x00000000       0x40 ..\obj\stm32f10x_rcc.o
 .text.RCC_LSEConfig
                0x00000000       0x60 ..\obj\stm32f10x_rcc.o
 .text.RCC_LSICmd
                0x00000000       0x20 ..\obj\stm32f10x_rcc.o
 .text.RCC_RTCCLKConfig
                0x00000000       0x2c ..\obj\stm32f10x_rcc.o
 .text.RCC_RTCCLKCmd
                0x00000000       0x20 ..\obj\stm32f10x_rcc.o
 .text.RCC_GetClocksFreq
                0x00000000      0x1d4 ..\obj\stm32f10x_rcc.o
 .text.RCC_AHBPeriphClockCmd
                0x00000000       0x58 ..\obj\stm32f10x_rcc.o
 .text.RCC_APB2PeriphClockCmd
                0x00000000       0x58 ..\obj\stm32f10x_rcc.o
 .text.RCC_APB2PeriphResetCmd
                0x00000000       0x58 ..\obj\stm32f10x_rcc.o
 .text.RCC_APB1PeriphResetCmd
                0x00000000       0x58 ..\obj\stm32f10x_rcc.o
 .text.RCC_BackupResetCmd
                0x00000000       0x20 ..\obj\stm32f10x_rcc.o
 .text.RCC_ClockSecuritySystemCmd
                0x00000000       0x20 ..\obj\stm32f10x_rcc.o
 .text.RCC_MCOConfig
                0x00000000       0x20 ..\obj\stm32f10x_rcc.o
 .text.RCC_ClearFlag
                0x00000000       0x24 ..\obj\stm32f10x_rcc.o
 .text.RCC_GetITStatus
                0x00000000       0x40 ..\obj\stm32f10x_rcc.o
 .text.RCC_ClearITPendingBit
                0x00000000       0x20 ..\obj\stm32f10x_rcc.o
 .text          0x00000000        0x0 ..\obj\motor.o
 .data          0x00000000        0x0 ..\obj\motor.o
 .bss           0x00000000        0x0 ..\obj\motor.o
 .text          0x00000000        0x0 ..\obj\stm32f10x_exti.o
 .data          0x00000000        0x0 ..\obj\stm32f10x_exti.o
 .bss           0x00000000        0x0 ..\obj\stm32f10x_exti.o
 .text.EXTI_DeInit
                0x00000000       0x54 ..\obj\stm32f10x_exti.o
 .text.EXTI_Init
                0x00000000      0x144 ..\obj\stm32f10x_exti.o
 .text.EXTI_StructInit
                0x00000000       0x34 ..\obj\stm32f10x_exti.o
 .text.EXTI_GenerateSWInterrupt
                0x00000000       0x2c ..\obj\stm32f10x_exti.o
 .text.EXTI_GetFlagStatus
                0x00000000       0x40 ..\obj\stm32f10x_exti.o
 .text.EXTI_ClearFlag
                0x00000000       0x20 ..\obj\stm32f10x_exti.o
 .text.EXTI_GetITStatus
                0x00000000       0x5c ..\obj\stm32f10x_exti.o
 .text.EXTI_ClearITPendingBit
                0x00000000       0x20 ..\obj\stm32f10x_exti.o
 .text          0x00000000        0x0 ..\obj\stm32f10x_adc.o
 .data          0x00000000        0x0 ..\obj\stm32f10x_adc.o
 .bss           0x00000000        0x0 ..\obj\stm32f10x_adc.o
 .text.ADC_DeInit
                0x00000000       0x88 ..\obj\stm32f10x_adc.o
 .text.ADC_Init
                0x00000000       0xb0 ..\obj\stm32f10x_adc.o
 .text.ADC_StructInit
                0x00000000       0x44 ..\obj\stm32f10x_adc.o
 .text.ADC_Cmd  0x00000000       0x38 ..\obj\stm32f10x_adc.o
 .text.ADC_DMACmd
                0x00000000       0x38 ..\obj\stm32f10x_adc.o
 .text.ADC_ITConfig
                0x00000000       0x4c ..\obj\stm32f10x_adc.o
 .text.ADC_ResetCalibration
                0x00000000       0x20 ..\obj\stm32f10x_adc.o
 .text.ADC_GetResetCalibrationStatus
                0x00000000       0x38 ..\obj\stm32f10x_adc.o
 .text.ADC_StartCalibration
                0x00000000       0x20 ..\obj\stm32f10x_adc.o
 .text.ADC_GetCalibrationStatus
                0x00000000       0x38 ..\obj\stm32f10x_adc.o
 .text.ADC_SoftwareStartConvCmd
                0x00000000       0x38 ..\obj\stm32f10x_adc.o
 .text.ADC_GetSoftwareStartConvStatus
                0x00000000       0x38 ..\obj\stm32f10x_adc.o
 .text.ADC_DiscModeChannelCountConfig
                0x00000000       0x4c ..\obj\stm32f10x_adc.o
 .text.ADC_DiscModeCmd
                0x00000000       0x38 ..\obj\stm32f10x_adc.o
 .text.ADC_RegularChannelConfig
                0x00000000      0x1bc ..\obj\stm32f10x_adc.o
 .text.ADC_ExternalTrigConvCmd
                0x00000000       0x38 ..\obj\stm32f10x_adc.o
 .text.ADC_GetConversionValue
                0x00000000       0x1c ..\obj\stm32f10x_adc.o
 .text.ADC_GetDualModeConversionValue
                0x00000000       0x18 ..\obj\stm32f10x_adc.o
 .text.ADC_AutoInjectedConvCmd
                0x00000000       0x38 ..\obj\stm32f10x_adc.o
 .text.ADC_InjectedDiscModeCmd
                0x00000000       0x38 ..\obj\stm32f10x_adc.o
 .text.ADC_ExternalTrigInjectedConvConfig
                0x00000000       0x38 ..\obj\stm32f10x_adc.o
 .text.ADC_ExternalTrigInjectedConvCmd
                0x00000000       0x38 ..\obj\stm32f10x_adc.o
 .text.ADC_SoftwareStartInjectedConvCmd
                0x00000000       0x38 ..\obj\stm32f10x_adc.o
 .text.ADC_GetSoftwareStartInjectedConvCmdStatus
                0x00000000       0x38 ..\obj\stm32f10x_adc.o
 .text.ADC_InjectedChannelConfig
                0x00000000      0x144 ..\obj\stm32f10x_adc.o
 .text.ADC_InjectedSequencerLengthConfig
                0x00000000       0x4c ..\obj\stm32f10x_adc.o
 .text.ADC_SetInjectedOffset
                0x00000000       0x34 ..\obj\stm32f10x_adc.o
 .text.ADC_GetInjectedConversionValue
                0x00000000       0x34 ..\obj\stm32f10x_adc.o
 .text.ADC_AnalogWatchdogCmd
                0x00000000       0x3c ..\obj\stm32f10x_adc.o
 .text.ADC_AnalogWatchdogThresholdsConfig
                0x00000000       0x28 ..\obj\stm32f10x_adc.o
 .text.ADC_AnalogWatchdogSingleChannelConfig
                0x00000000       0x38 ..\obj\stm32f10x_adc.o
 .text.ADC_TempSensorVrefintCmd
                0x00000000       0x4c ..\obj\stm32f10x_adc.o
 .text.ADC_GetFlagStatus
                0x00000000       0x3c ..\obj\stm32f10x_adc.o
 .text.ADC_ClearFlag
                0x00000000       0x20 ..\obj\stm32f10x_adc.o
 .text.ADC_GetITStatus
                0x00000000       0x68 ..\obj\stm32f10x_adc.o
 .text.ADC_ClearITPendingBit
                0x00000000       0x30 ..\obj\stm32f10x_adc.o
 .text          0x00000000        0x0 ..\obj\stm32f10x_usart.o
 .data          0x00000000        0x0 ..\obj\stm32f10x_usart.o
 .bss           0x00000000        0x0 ..\obj\stm32f10x_usart.o
 .text.USART_DeInit
                0x00000000       0xd8 ..\obj\stm32f10x_usart.o
 .text.USART_Init
                0x00000000      0x1ac ..\obj\stm32f10x_usart.o
 .text.USART_StructInit
                0x00000000       0x44 ..\obj\stm32f10x_usart.o
 .text.USART_ClockInit
                0x00000000       0x58 ..\obj\stm32f10x_usart.o
 .text.USART_ClockStructInit
                0x00000000       0x34 ..\obj\stm32f10x_usart.o
 .text.USART_Cmd
                0x00000000       0x40 ..\obj\stm32f10x_usart.o
 .text.USART_ITConfig
                0x00000000       0xa4 ..\obj\stm32f10x_usart.o
 .text.USART_DMACmd
                0x00000000       0x48 ..\obj\stm32f10x_usart.o
 .text.USART_SetAddress
                0x00000000       0x38 ..\obj\stm32f10x_usart.o
 .text.USART_WakeUpConfig
                0x00000000       0x38 ..\obj\stm32f10x_usart.o
 .text.USART_ReceiverWakeUpCmd
                0x00000000       0x40 ..\obj\stm32f10x_usart.o
 .text.USART_LINBreakDetectLengthConfig
                0x00000000       0x38 ..\obj\stm32f10x_usart.o
 .text.USART_LINCmd
                0x00000000       0x40 ..\obj\stm32f10x_usart.o
 .text.USART_SendData
                0x00000000       0x28 ..\obj\stm32f10x_usart.o
 .text.USART_ReceiveData
                0x00000000       0x24 ..\obj\stm32f10x_usart.o
 .text.USART_SendBreak
                0x00000000       0x24 ..\obj\stm32f10x_usart.o
 .text.USART_SetGuardTime
                0x00000000       0x3c ..\obj\stm32f10x_usart.o
 .text.USART_SetPrescaler
                0x00000000       0x38 ..\obj\stm32f10x_usart.o
 .text.USART_SmartCardCmd
                0x00000000       0x40 ..\obj\stm32f10x_usart.o
 .text.USART_SmartCardNACKCmd
                0x00000000       0x40 ..\obj\stm32f10x_usart.o
 .text.USART_HalfDuplexCmd
                0x00000000       0x40 ..\obj\stm32f10x_usart.o
 .text.USART_OverSampling8Cmd
                0x00000000       0x48 ..\obj\stm32f10x_usart.o
 .text.USART_OneBitMethodCmd
                0x00000000       0x40 ..\obj\stm32f10x_usart.o
 .text.USART_IrDAConfig
                0x00000000       0x38 ..\obj\stm32f10x_usart.o
 .text.USART_IrDACmd
                0x00000000       0x40 ..\obj\stm32f10x_usart.o
 .text.USART_GetFlagStatus
                0x00000000       0x40 ..\obj\stm32f10x_usart.o
 .text.USART_ClearFlag
                0x00000000       0x24 ..\obj\stm32f10x_usart.o
 .text.USART_GetITStatus
                0x00000000       0xc4 ..\obj\stm32f10x_usart.o
 .text.USART_ClearITPendingBit
                0x00000000       0x44 ..\obj\stm32f10x_usart.o
 .data          0x00000000        0x0 ..\obj\sh_cmd.o
 .bss           0x00000000        0x0 ..\obj\sh_cmd.o
 .text          0x00000000        0x0 ..\obj\syscalls.o
 .data          0x00000000        0x0 ..\obj\syscalls.o
 .bss           0x00000000        0x4 ..\obj\syscalls.o
 .text._sbrk    0x00000000       0x5c ..\obj\syscalls.o
 .text.link     0x00000000       0x1c ..\obj\syscalls.o
 .text._close   0x00000000       0x18 ..\obj\syscalls.o
 .text._fstat   0x00000000       0x24 ..\obj\syscalls.o
 .text._isatty  0x00000000       0x18 ..\obj\syscalls.o
 .text._lseek   0x00000000       0x1c ..\obj\syscalls.o
 .text._read    0x00000000       0x1c ..\obj\syscalls.o
 .text._write   0x00000000       0x1c ..\obj\syscalls.o
 .text.abort    0x00000000        0x8 ..\obj\syscalls.o
 .text          0x00000000        0x0 ..\obj\stm32f10x_flash.o
 .data          0x00000000        0x0 ..\obj\stm32f10x_flash.o
 .bss           0x00000000        0x0 ..\obj\stm32f10x_flash.o
 .text.FLASH_HalfCycleAccessCmd
                0x00000000       0x44 ..\obj\stm32f10x_flash.o
 .text.FLASH_Unlock
                0x00000000       0x30 ..\obj\stm32f10x_flash.o
 .text.FLASH_UnlockBank1
                0x00000000       0x30 ..\obj\stm32f10x_flash.o
 .text.FLASH_Lock
                0x00000000       0x24 ..\obj\stm32f10x_flash.o
 .text.FLASH_LockBank1
                0x00000000       0x24 ..\obj\stm32f10x_flash.o
 .text.FLASH_ErasePage
                0x00000000       0x90 ..\obj\stm32f10x_flash.o
 .text.FLASH_EraseAllPages
                0x00000000       0x84 ..\obj\stm32f10x_flash.o
 .text.FLASH_EraseAllBank1Pages
                0x00000000       0x84 ..\obj\stm32f10x_flash.o
 .text.FLASH_EraseOptionBytes
                0x00000000      0x138 ..\obj\stm32f10x_flash.o
 .text.FLASH_ProgramWord
                0x00000000       0xc0 ..\obj\stm32f10x_flash.o
 .text.FLASH_ProgramHalfWord
                0x00000000       0x78 ..\obj\stm32f10x_flash.o
 .text.FLASH_ProgramOptionByteData
                0x00000000       0xa4 ..\obj\stm32f10x_flash.o
 .text.FLASH_EnableWriteProtection
                0x00000000      0x15c ..\obj\stm32f10x_flash.o
 .text.FLASH_ReadOutProtection
                0x00000000      0x140 ..\obj\stm32f10x_flash.o
 .text.FLASH_UserOptionByteConfig
                0x00000000       0xc0 ..\obj\stm32f10x_flash.o
 .text.FLASH_GetUserOptionByte
                0x00000000       0x1c ..\obj\stm32f10x_flash.o
 .text.FLASH_GetWriteProtectionOptionByte
                0x00000000       0x18 ..\obj\stm32f10x_flash.o
 .text.FLASH_GetReadOutProtectionStatus
                0x00000000       0x3c ..\obj\stm32f10x_flash.o
 .text.FLASH_GetPrefetchBufferStatus
                0x00000000       0x3c ..\obj\stm32f10x_flash.o
 .text.FLASH_ITConfig
                0x00000000       0x58 ..\obj\stm32f10x_flash.o
 .text.FLASH_GetFlagStatus
                0x00000000       0x68 ..\obj\stm32f10x_flash.o
 .text.FLASH_ClearFlag
                0x00000000       0x20 ..\obj\stm32f10x_flash.o
 .text.FLASH_GetStatus
                0x00000000       0x70 ..\obj\stm32f10x_flash.o
 .text.FLASH_GetBank1Status
                0x00000000       0x70 ..\obj\stm32f10x_flash.o
 .text.FLASH_WaitForLastOperation
                0x00000000       0x4c ..\obj\stm32f10x_flash.o
 .text.FLASH_WaitForLastBank1Operation
                0x00000000       0x4c ..\obj\stm32f10x_flash.o
 .text          0x00000000        0x0 ..\obj\stm32f10x_dma.o
 .data          0x00000000        0x0 ..\obj\stm32f10x_dma.o
 .bss           0x00000000        0x0 ..\obj\stm32f10x_dma.o
 .text.DMA_DeInit
                0x00000000      0x220 ..\obj\stm32f10x_dma.o
 .text.DMA_Init
                0x00000000       0x80 ..\obj\stm32f10x_dma.o
 .text.DMA_StructInit
                0x00000000       0x6c ..\obj\stm32f10x_dma.o
 .text.DMA_Cmd  0x00000000       0x3c ..\obj\stm32f10x_dma.o
 .text.DMA_ITConfig
                0x00000000       0x40 ..\obj\stm32f10x_dma.o
 .text.DMA_SetCurrDataCounter
                0x00000000       0x1c ..\obj\stm32f10x_dma.o
 .text.DMA_GetCurrDataCounter
                0x00000000       0x1c ..\obj\stm32f10x_dma.o
 .text.DMA_GetFlagStatus
                0x00000000       0x60 ..\obj\stm32f10x_dma.o
 .text.DMA_ClearFlag
                0x00000000       0x38 ..\obj\stm32f10x_dma.o
 .text.DMA_GetITStatus
                0x00000000       0x60 ..\obj\stm32f10x_dma.o
 .text.DMA_ClearITPendingBit
                0x00000000       0x38 ..\obj\stm32f10x_dma.o
 .text          0x00000000        0x0 ..\obj\motPwm.o
 .data          0x00000000        0x0 ..\obj\motPwm.o
 .bss           0x00000000        0x0 ..\obj\motPwm.o
 .text          0x00000000        0x0 ..\obj\misc.o
 .data          0x00000000        0x0 ..\obj\misc.o
 .bss           0x00000000        0x0 ..\obj\misc.o
 .text.NVIC_PriorityGroupConfig
                0x00000000       0x28 ..\obj\misc.o
 .text.NVIC_Init
                0x00000000       0xe8 ..\obj\misc.o
 .text.NVIC_SetVectorTable
                0x00000000       0x2c ..\obj\misc.o
 .text.NVIC_SystemLPConfig
                0x00000000       0x58 ..\obj\misc.o
 .text.SysTick_CLKSourceConfig
                0x00000000       0x4c ..\obj\misc.o
 .text          0x00000000        0x0 ..\obj\stm32f10x_wwdg.o
 .data          0x00000000        0x0 ..\obj\stm32f10x_wwdg.o
 .bss           0x00000000        0x0 ..\obj\stm32f10x_wwdg.o
 .text.WWDG_DeInit
                0x00000000       0x20 ..\obj\stm32f10x_wwdg.o
 .text.WWDG_SetPrescaler
                0x00000000       0x3c ..\obj\stm32f10x_wwdg.o
 .text.WWDG_SetWindowValue
                0x00000000       0x44 ..\obj\stm32f10x_wwdg.o
 .text.WWDG_EnableIT
                0x00000000       0x18 ..\obj\stm32f10x_wwdg.o
 .text.WWDG_SetCounter
                0x00000000       0x24 ..\obj\stm32f10x_wwdg.o
 .text.WWDG_Enable
                0x00000000       0x28 ..\obj\stm32f10x_wwdg.o
 .text.WWDG_GetFlagStatus
                0x00000000       0x18 ..\obj\stm32f10x_wwdg.o
 .text.WWDG_ClearFlag
                0x00000000       0x18 ..\obj\stm32f10x_wwdg.o
 .text          0x00000000        0x0 ..\obj\stm32f10x_spi.o
 .data          0x00000000        0x0 ..\obj\stm32f10x_spi.o
 .bss           0x00000000        0x0 ..\obj\stm32f10x_spi.o
 .text.SPI_I2S_DeInit
                0x00000000       0x88 ..\obj\stm32f10x_spi.o
 .text.SPI_Init
                0x00000000       0x88 ..\obj\stm32f10x_spi.o
 .text.I2S_Init
                0x00000000      0x198 ..\obj\stm32f10x_spi.o
 .text.SPI_StructInit
                0x00000000       0x5c ..\obj\stm32f10x_spi.o
 .text.I2S_StructInit
                0x00000000       0x44 ..\obj\stm32f10x_spi.o
 .text.SPI_Cmd  0x00000000       0x40 ..\obj\stm32f10x_spi.o
 .text.I2S_Cmd  0x00000000       0x40 ..\obj\stm32f10x_spi.o
 .text.SPI_I2S_ITConfig
                0x00000000       0x6c ..\obj\stm32f10x_spi.o
 .text.SPI_I2S_DMACmd
                0x00000000       0x48 ..\obj\stm32f10x_spi.o
 .text.SPI_I2S_SendData
                0x00000000       0x1c ..\obj\stm32f10x_spi.o
 .text.SPI_I2S_ReceiveData
                0x00000000       0x1c ..\obj\stm32f10x_spi.o
 .text.SPI_NSSInternalSoftwareConfig
                0x00000000       0x44 ..\obj\stm32f10x_spi.o
 .text.SPI_SSOutputCmd
                0x00000000       0x40 ..\obj\stm32f10x_spi.o
 .text.SPI_DataSizeConfig
                0x00000000       0x38 ..\obj\stm32f10x_spi.o
 .text.SPI_TransmitCRC
                0x00000000       0x24 ..\obj\stm32f10x_spi.o
 .text.SPI_CalculateCRC
                0x00000000       0x40 ..\obj\stm32f10x_spi.o
 .text.SPI_GetCRC
                0x00000000       0x34 ..\obj\stm32f10x_spi.o
 .text.SPI_GetCRCPolynomial
                0x00000000       0x1c ..\obj\stm32f10x_spi.o
 .text.SPI_BiDirectionalLineConfig
                0x00000000       0x40 ..\obj\stm32f10x_spi.o
 .text.SPI_I2S_GetFlagStatus
                0x00000000       0x40 ..\obj\stm32f10x_spi.o
 .text.SPI_I2S_ClearFlag
                0x00000000       0x24 ..\obj\stm32f10x_spi.o
 .text.SPI_I2S_GetITStatus
                0x00000000       0x88 ..\obj\stm32f10x_spi.o
 .text.SPI_I2S_ClearITPendingBit
                0x00000000       0x38 ..\obj\stm32f10x_spi.o
 .text          0x00000000        0x0 ..\obj\stm32f10x_i2c.o
 .data          0x00000000        0x0 ..\obj\stm32f10x_i2c.o
 .bss           0x00000000        0x0 ..\obj\stm32f10x_i2c.o
 .text.I2C_DeInit
                0x00000000       0x50 ..\obj\stm32f10x_i2c.o
 .text.I2C_Init
                0x00000000      0x1ac ..\obj\stm32f10x_i2c.o
 .text.I2C_StructInit
                0x00000000       0x44 ..\obj\stm32f10x_i2c.o
 .text.I2C_Cmd  0x00000000       0x40 ..\obj\stm32f10x_i2c.o
 .text.I2C_DMACmd
                0x00000000       0x40 ..\obj\stm32f10x_i2c.o
 .text.I2C_DMALastTransferCmd
                0x00000000       0x40 ..\obj\stm32f10x_i2c.o
 .text.I2C_GenerateSTART
                0x00000000       0x40 ..\obj\stm32f10x_i2c.o
 .text.I2C_GenerateSTOP
                0x00000000       0x40 ..\obj\stm32f10x_i2c.o
 .text.I2C_AcknowledgeConfig
                0x00000000       0x40 ..\obj\stm32f10x_i2c.o
 .text.I2C_OwnAddress2Config
                0x00000000       0x44 ..\obj\stm32f10x_i2c.o
 .text.I2C_DualAddressCmd
                0x00000000       0x40 ..\obj\stm32f10x_i2c.o
 .text.I2C_GeneralCallCmd
                0x00000000       0x40 ..\obj\stm32f10x_i2c.o
 .text.I2C_ITConfig
                0x00000000       0x48 ..\obj\stm32f10x_i2c.o
 .text.I2C_SendData
                0x00000000       0x20 ..\obj\stm32f10x_i2c.o
 .text.I2C_ReceiveData
                0x00000000       0x1c ..\obj\stm32f10x_i2c.o
 .text.I2C_Send7bitAddress
                0x00000000       0x3c ..\obj\stm32f10x_i2c.o
 .text.I2C_ReadRegister
                0x00000000       0x30 ..\obj\stm32f10x_i2c.o
 .text.I2C_SoftwareResetCmd
                0x00000000       0x48 ..\obj\stm32f10x_i2c.o
 .text.I2C_NACKPositionConfig
                0x00000000       0x40 ..\obj\stm32f10x_i2c.o
 .text.I2C_SMBusAlertConfig
                0x00000000       0x40 ..\obj\stm32f10x_i2c.o
 .text.I2C_TransmitPEC
                0x00000000       0x40 ..\obj\stm32f10x_i2c.o
 .text.I2C_PECPositionConfig
                0x00000000       0x40 ..\obj\stm32f10x_i2c.o
 .text.I2C_CalculatePEC
                0x00000000       0x40 ..\obj\stm32f10x_i2c.o
 .text.I2C_GetPEC
                0x00000000       0x24 ..\obj\stm32f10x_i2c.o
 .text.I2C_ARPCmd
                0x00000000       0x40 ..\obj\stm32f10x_i2c.o
 .text.I2C_StretchClockCmd
                0x00000000       0x40 ..\obj\stm32f10x_i2c.o
 .text.I2C_FastModeDutyCycleConfig
                0x00000000       0x40 ..\obj\stm32f10x_i2c.o
 .text.I2C_CheckEvent
                0x00000000       0x70 ..\obj\stm32f10x_i2c.o
 .text.I2C_GetLastEvent
                0x00000000       0x4c ..\obj\stm32f10x_i2c.o
 .text.I2C_GetFlagStatus
                0x00000000       0x78 ..\obj\stm32f10x_i2c.o
 .text.I2C_ClearFlag
                0x00000000       0x30 ..\obj\stm32f10x_i2c.o
 .text.I2C_GetITStatus
                0x00000000       0x64 ..\obj\stm32f10x_i2c.o
 .text.I2C_ClearITPendingBit
                0x00000000       0x30 ..\obj\stm32f10x_i2c.o
 .text          0x00000000        0x0 ..\obj\stm32f10x_bkp.o
 .data          0x00000000        0x0 ..\obj\stm32f10x_bkp.o
 .bss           0x00000000        0x0 ..\obj\stm32f10x_bkp.o
 .text.BKP_DeInit
                0x00000000       0x18 ..\obj\stm32f10x_bkp.o
 .text.BKP_TamperPinLevelConfig
                0x00000000       0x20 ..\obj\stm32f10x_bkp.o
 .text.BKP_TamperPinCmd
                0x00000000       0x20 ..\obj\stm32f10x_bkp.o
 .text.BKP_ITConfig
                0x00000000       0x20 ..\obj\stm32f10x_bkp.o
 .text.BKP_RTCOutputConfig
                0x00000000       0x44 ..\obj\stm32f10x_bkp.o
 .text.BKP_SetRTCCalibrationValue
                0x00000000       0x44 ..\obj\stm32f10x_bkp.o
 .text.BKP_WriteBackupRegister
                0x00000000       0x38 ..\obj\stm32f10x_bkp.o
 .text.BKP_ReadBackupRegister
                0x00000000       0x34 ..\obj\stm32f10x_bkp.o
 .text.BKP_GetFlagStatus
                0x00000000       0x18 ..\obj\stm32f10x_bkp.o
 .text.BKP_ClearFlag
                0x00000000       0x28 ..\obj\stm32f10x_bkp.o
 .text.BKP_GetITStatus
                0x00000000       0x18 ..\obj\stm32f10x_bkp.o
 .text.BKP_ClearITPendingBit
                0x00000000       0x28 ..\obj\stm32f10x_bkp.o
 .text          0x00000000        0x0 ..\obj\stm32f10x_iwdg.o
 .data          0x00000000        0x0 ..\obj\stm32f10x_iwdg.o
 .bss           0x00000000        0x0 ..\obj\stm32f10x_iwdg.o
 .text.IWDG_WriteAccessCmd
                0x00000000       0x20 ..\obj\stm32f10x_iwdg.o
 .text.IWDG_SetPrescaler
                0x00000000       0x20 ..\obj\stm32f10x_iwdg.o
 .text.IWDG_SetReload
                0x00000000       0x20 ..\obj\stm32f10x_iwdg.o
 .text.IWDG_ReloadCounter
                0x00000000       0x18 ..\obj\stm32f10x_iwdg.o
 .text.IWDG_Enable
                0x00000000       0x18 ..\obj\stm32f10x_iwdg.o
 .text.IWDG_GetFlagStatus
                0x00000000       0x40 ..\obj\stm32f10x_iwdg.o

Memory Configuration

Name             Origin             Length             Attributes
rom              0x08000000         0x00010000         xr
ram              0x20000000         0x00005000         xrw
*default*        0x00000000         0xffffffff

Linker script and memory map

                0x20005000                _eram = 0x20005000

.text           0x08000000      0xca0
 *(.isr_vector .isr_vector.*)
 .isr_vector    0x08000000      0x10c ..\obj\startup_stm32f10x_md.o
                0x08000000                g_pfnVectors
 *(.text .text.* .gnu.linkonce.t.*)
 .text.setupOpenESC
                0x0800010c       0x14 ..\obj\openesc_v01.o
                0x0800010c                setupOpenESC
 .text.initClock
                0x08000120       0x84 ..\obj\openesc_v01.o
                0x08000120                initClock
 .text.initDio  0x080001a4       0xe8 ..\obj\openesc_v01.o
                0x080001a4                initDio
 .text.SystemInit
                0x0800028c       0xac ..\obj\system_stm32f10x.o
                0x0800028c                SystemInit
 .text.SetSysClock
                0x08000338        0xc ..\obj\system_stm32f10x.o
 .text.SetSysClockTo72
                0x08000344      0x1ac ..\obj\system_stm32f10x.o
 .text.Default_Reset_Handler
                0x080004f0       0x6c ..\obj\startup_stm32f10x_md.o
                0x080004f0                Default_Reset_Handler
                0x080004f0                Reset_Handler
 .text.Default_Handler
                0x0800055c        0x8 ..\obj\startup_stm32f10x_md.o
                0x0800055c                EXTI2_IRQHandler
                0x0800055c                DebugMon_Handler
                0x0800055c                TIM1_CC_IRQHandler
                0x0800055c                SysTick_Handler
                0x0800055c                PVD_IRQHandler
                0x0800055c                PendSV_Handler
                0x0800055c                NMI_Handler
                0x0800055c                EXTI3_IRQHandler
                0x0800055c                EXTI0_IRQHandler
                0x0800055c                I2C2_EV_IRQHandler
                0x0800055c                UsageFault_Handler
                0x0800055c                ADC1_2_IRQHandler
                0x0800055c                SPI1_IRQHandler
                0x0800055c                TAMPER_IRQHandler
                0x0800055c                DMA1_Channel4_IRQHandler
                0x0800055c                USART3_IRQHandler
                0x0800055c                RTC_IRQHandler
                0x0800055c                DMA1_Channel7_IRQHandler
                0x0800055c                CAN1_RX1_IRQHandler
                0x0800055c                TIM4_IRQHandler
                0x0800055c                I2C1_EV_IRQHandler
                0x0800055c                DMA1_Channel6_IRQHandler
                0x0800055c                TIM3_IRQHandler
                0x0800055c                RCC_IRQHandler
                0x0800055c                TIM1_TRG_COM_IRQHandler
                0x0800055c                DMA1_Channel1_IRQHandler
                0x0800055c                EXTI15_10_IRQHandler
                0x0800055c                EXTI9_5_IRQHandler
                0x0800055c                SPI2_IRQHandler
                0x0800055c                MemManage_Handler
                0x0800055c                SVC_Handler
                0x0800055c                DMA1_Channel5_IRQHandler
                0x0800055c                EXTI4_IRQHandler
                0x0800055c                USB_LP_CAN1_RX0_IRQHandler
                0x0800055c                USB_HP_CAN1_TX_IRQHandler
                0x0800055c                DMA1_Channel3_IRQHandler
                0x0800055c                TIM1_UP_IRQHandler
                0x0800055c                WWDG_IRQHandler
                0x0800055c                TIM2_IRQHandler
                0x0800055c                TIM1_BRK_IRQHandler
                0x0800055c                EXTI1_IRQHandler
                0x0800055c                RTCAlarm_IRQHandler
                0x0800055c                USART2_IRQHandler
                0x0800055c                I2C2_ER_IRQHandler
                0x0800055c                DMA1_Channel2_IRQHandler
                0x0800055c                CAN1_SCE_IRQHandler
                0x0800055c                FLASH_IRQHandler
                0x0800055c                BusFault_Handler
                0x0800055c                USART1_IRQHandler
                0x0800055c                I2C1_ER_IRQHandler
                0x0800055c                USBWakeUp_IRQHandler
 .text.GPIO_Init
                0x08000564      0x1b0 ..\obj\stm32f10x_gpio.o
                0x08000564                GPIO_Init
 .text.main     0x08000714        0xc ..\obj\main.o
                0x08000714                main
 .text.initRcPwm
                0x08000720       0xd8 ..\obj\rcPwm.o
                0x08000720                initRcPwm
 .text.RCC_DeInit
                0x080007f8       0x9c ..\obj\stm32f10x_rcc.o
                0x080007f8                RCC_DeInit
 .text.RCC_HSEConfig
                0x08000894       0x88 ..\obj\stm32f10x_rcc.o
                0x08000894                RCC_HSEConfig
 .text.RCC_WaitForHSEStartUp
                0x0800091c       0x64 ..\obj\stm32f10x_rcc.o
                0x0800091c                RCC_WaitForHSEStartUp
 .text.RCC_PLLConfig
                0x08000980       0x48 ..\obj\stm32f10x_rcc.o
                0x08000980                RCC_PLLConfig
 .text.RCC_PLLCmd
                0x080009c8       0x20 ..\obj\stm32f10x_rcc.o
                0x080009c8                RCC_PLLCmd
 .text.RCC_SYSCLKConfig
                0x080009e8       0x40 ..\obj\stm32f10x_rcc.o
                0x080009e8                RCC_SYSCLKConfig
 .text.RCC_GetSYSCLKSource
                0x08000a28       0x20 ..\obj\stm32f10x_rcc.o
                0x08000a28                RCC_GetSYSCLKSource
 .text.RCC_HCLKConfig
                0x08000a48       0x40 ..\obj\stm32f10x_rcc.o
                0x08000a48                RCC_HCLKConfig
 .text.RCC_PCLK1Config
                0x08000a88       0x40 ..\obj\stm32f10x_rcc.o
                0x08000a88                RCC_PCLK1Config
 .text.RCC_PCLK2Config
                0x08000ac8       0x44 ..\obj\stm32f10x_rcc.o
                0x08000ac8                RCC_PCLK2Config
 .text.RCC_APB1PeriphClockCmd
                0x08000b0c       0x58 ..\obj\stm32f10x_rcc.o
                0x08000b0c                RCC_APB1PeriphClockCmd
 .text.RCC_GetFlagStatus
                0x08000b64       0x90 ..\obj\stm32f10x_rcc.o
                0x08000b64                RCC_GetFlagStatus
 .text          0x08000bf4       0x28 ..\obj\sh_cmd.o
                0x08000bf4                SH_DoCommand
                0x08000c06                HardFault_Handler
 .text.FLASH_SetLatency
                0x08000c1c       0x40 ..\obj\stm32f10x_flash.o
                0x08000c1c                FLASH_SetLatency
 .text.FLASH_PrefetchBufferCmd
                0x08000c5c       0x44 ..\obj\stm32f10x_flash.o
                0x08000c5c                FLASH_PrefetchBufferCmd
 *(.glue_7t)
 .glue_7t       0x00000000        0x0 linker stubs
 *(.glue_7)
 .glue_7        0x00000000        0x0 linker stubs
 *(.rodata .rodata* .gnu.linkonce.r.*)

.vfp11_veneer   0x08000ca0        0x0
 .vfp11_veneer  0x00000000        0x0 linker stubs

.v4_bx          0x08000ca0        0x0
 .v4_bx         0x00000000        0x0 linker stubs

.ARM.extab
 *(.ARM.extab* .gnu.linkonce.armextab.*)
                0x08000ca0                __exidx_start = .

.ARM.exidx
 *(.ARM.exidx* .gnu.linkonce.armexidx.*)
                0x08000ca0                __exidx_end = .
                0x08000ca0                . = ALIGN (0x4)
                0x08000ca0                _etext = .
                0x08000ca0                _sidata = .

.data           0x20000000        0x0 load address 0x08000ca0
                0x20000000                _sdata = .
 *(.data .data.*)
                0x20000000                . = ALIGN (0x4)
                0x20000000                _edata = .

.bss            0x20000000       0x1c
                0x20000000                _sbss = .
 *(.bss .bss.*)
 *(COMMON)
 COMMON         0x20000000       0x1c ..\obj\openesc_v01.o
                0x20000000                HSEStartUpStatus
                0x20000004                RCC_ClockFreq
                0x20000018                GPIO_InitStructure
                0x2000001c                . = ALIGN (0x4)
                0x2000001c                _ebss = .

.co_stack       0x2000001c      0x404
                0x20000020                . = ALIGN (0x8)
 *fill*         0x2000001c        0x4 00
 *(.co_stack .co_stack.*)
 .co_stack      0x20000020      0x400 ..\obj\startup_stm32f10x_md.o
                0x20000020                pulStack
                0x20000420                . = ALIGN (0x4)
                0x20000420                _end = .
LOAD ..\obj\stm32f10x_rtc.o
LOAD ..\obj\semihosting.o
LOAD ..\obj\stm32f10x_tim.o
LOAD ..\obj\core_cm3.o
LOAD ..\obj\openesc_v01.o
LOAD ..\obj\stm32f10x_dbgmcu.o
LOAD ..\obj\system_stm32f10x.o
LOAD ..\obj\stm32f10x_pwr.o
LOAD ..\obj\startup_stm32f10x_md.o
LOAD ..\obj\stm32f10x_can.o
LOAD ..\obj\stm32f10x_gpio.o
LOAD ..\obj\main.o
LOAD ..\obj\stm32f10x_crc.o
LOAD ..\obj\rcPwm.o
LOAD ..\obj\printf.o
LOAD ..\obj\stm32f10x_rcc.o
LOAD ..\obj\motor.o
LOAD ..\obj\stm32f10x_exti.o
LOAD ..\obj\stm32f10x_adc.o
LOAD ..\obj\stm32f10x_usart.o
LOAD ..\obj\sh_cmd.o
LOAD ..\obj\syscalls.o
LOAD ..\obj\stm32f10x_flash.o
LOAD ..\obj\stm32f10x_dma.o
LOAD ..\obj\motPwm.o
LOAD ..\obj\misc.o
LOAD ..\obj\stm32f10x_wwdg.o
LOAD ..\obj\stm32f10x_spi.o
LOAD ..\obj\stm32f10x_i2c.o
LOAD ..\obj\stm32f10x_bkp.o
LOAD ..\obj\stm32f10x_iwdg.o
START GROUP
LOAD c:/program files (x86)/arm-none-eabi-gcc-4_6/bin/../lib/gcc/arm-none-eabi/4.6.2/armv7-m\libgcc.a
LOAD c:/program files (x86)/arm-none-eabi-gcc-4_6/bin/../lib/gcc/arm-none-eabi/4.6.2/../../../../arm-none-eabi/lib/armv7-m\libg.a
LOAD c:/program files (x86)/arm-none-eabi-gcc-4_6/bin/../lib/gcc/arm-none-eabi/4.6.2/../../../../arm-none-eabi/lib/armv7-m\libc.a
END GROUP
OUTPUT(software.elf elf32-littlearm)

.debug_info     0x00000000     0xbc74
 .debug_info    0x00000000      0x46a ..\obj\stm32f10x_rtc.o
 .debug_info    0x0000046a      0x12b ..\obj\semihosting.o
 .debug_info    0x00000595     0x1e18 ..\obj\stm32f10x_tim.o
 .debug_info    0x000023ad      0x548 ..\obj\core_cm3.o
 .debug_info    0x000028f5      0x318 ..\obj\openesc_v01.o
 .debug_info    0x00002c0d      0x15a ..\obj\stm32f10x_dbgmcu.o
 .debug_info    0x00002d67      0x4a0 ..\obj\system_stm32f10x.o
 .debug_info    0x00003207      0x45b ..\obj\stm32f10x_pwr.o
 .debug_info    0x00003662      0x131 ..\obj\startup_stm32f10x_md.o
 .debug_info    0x00003793      0xc57 ..\obj\stm32f10x_can.o
 .debug_info    0x000043ea      0x723 ..\obj\stm32f10x_gpio.o
 .debug_info    0x00004b0d       0xa6 ..\obj\main.o
 .debug_info    0x00004bb3      0x200 ..\obj\stm32f10x_crc.o
 .debug_info    0x00004db3      0x40c ..\obj\rcPwm.o
 .debug_info    0x000051bf      0xf66 ..\obj\printf.o
 .debug_info    0x00006125      0x901 ..\obj\stm32f10x_rcc.o
 .debug_info    0x00006a26      0x361 ..\obj\stm32f10x_exti.o
 .debug_info    0x00006d87      0xc0e ..\obj\stm32f10x_adc.o
 .debug_info    0x00007995      0xa6c ..\obj\stm32f10x_usart.o
 .debug_info    0x00008401       0x7f ..\obj\sh_cmd.o
 .debug_info    0x00008480      0x440 ..\obj\syscalls.o
 .debug_info    0x000088c0      0x819 ..\obj\stm32f10x_flash.o
 .debug_info    0x000090d9      0x4a2 ..\obj\stm32f10x_dma.o
 .debug_info    0x0000957b      0x546 ..\obj\misc.o
 .debug_info    0x00009ac1      0x235 ..\obj\stm32f10x_wwdg.o
 .debug_info    0x00009cf6      0x971 ..\obj\stm32f10x_spi.o
 .debug_info    0x0000a667      0xb94 ..\obj\stm32f10x_i2c.o
 .debug_info    0x0000b1fb      0x879 ..\obj\stm32f10x_bkp.o
 .debug_info    0x0000ba74      0x200 ..\obj\stm32f10x_iwdg.o

.debug_abbrev   0x00000000     0x22b8
 .debug_abbrev  0x00000000      0x166 ..\obj\stm32f10x_rtc.o
 .debug_abbrev  0x00000166       0x9a ..\obj\semihosting.o
 .debug_abbrev  0x00000200      0x172 ..\obj\stm32f10x_tim.o
 .debug_abbrev  0x00000372       0xd5 ..\obj\core_cm3.o
 .debug_abbrev  0x00000447      0x12c ..\obj\openesc_v01.o
 .debug_abbrev  0x00000573       0xda ..\obj\stm32f10x_dbgmcu.o
 .debug_abbrev  0x0000064d      0x17e ..\obj\system_stm32f10x.o
 .debug_abbrev  0x000007cb      0x184 ..\obj\stm32f10x_pwr.o
 .debug_abbrev  0x0000094f       0xa3 ..\obj\startup_stm32f10x_md.o
 .debug_abbrev  0x000009f2      0x1ac ..\obj\stm32f10x_can.o
 .debug_abbrev  0x00000b9e      0x1a4 ..\obj\stm32f10x_gpio.o
 .debug_abbrev  0x00000d42       0x59 ..\obj\main.o
 .debug_abbrev  0x00000d9b      0x10a ..\obj\stm32f10x_crc.o
 .debug_abbrev  0x00000ea5      0x12f ..\obj\rcPwm.o
 .debug_abbrev  0x00000fd4      0x25f ..\obj\printf.o
 .debug_abbrev  0x00001233      0x191 ..\obj\stm32f10x_rcc.o
 .debug_abbrev  0x000013c4        0x1 ..\obj\motor.o
 .debug_abbrev  0x000013c5      0x14a ..\obj\stm32f10x_exti.o
 .debug_abbrev  0x0000150f      0x174 ..\obj\stm32f10x_adc.o
 .debug_abbrev  0x00001683      0x15b ..\obj\stm32f10x_usart.o
 .debug_abbrev  0x000017de       0x14 ..\obj\sh_cmd.o
 .debug_abbrev  0x000017f2       0xde ..\obj\syscalls.o
 .debug_abbrev  0x000018d0      0x162 ..\obj\stm32f10x_flash.o
 .debug_abbrev  0x00001a32      0x14e ..\obj\stm32f10x_dma.o
 .debug_abbrev  0x00001b80        0x1 ..\obj\motPwm.o
 .debug_abbrev  0x00001b81      0x135 ..\obj\misc.o
 .debug_abbrev  0x00001cb6       0xf8 ..\obj\stm32f10x_wwdg.o
 .debug_abbrev  0x00001dae      0x15d ..\obj\stm32f10x_spi.o
 .debug_abbrev  0x00001f0b      0x15d ..\obj\stm32f10x_i2c.o
 .debug_abbrev  0x00002068      0x156 ..\obj\stm32f10x_bkp.o
 .debug_abbrev  0x000021be       0xfa ..\obj\stm32f10x_iwdg.o

.debug_loc      0x00000000     0x62aa
 .debug_loc     0x00000000      0x2e0 ..\obj\stm32f10x_rtc.o
 .debug_loc     0x000002e0       0xa8 ..\obj\semihosting.o
 .debug_loc     0x00000388     0x13e8 ..\obj\stm32f10x_tim.o
 .debug_loc     0x00001770      0x3f0 ..\obj\core_cm3.o
 .debug_loc     0x00001b60       0x90 ..\obj\openesc_v01.o
 .debug_loc     0x00001bf0       0x90 ..\obj\stm32f10x_dbgmcu.o
 .debug_loc     0x00001c80       0xc8 ..\obj\system_stm32f10x.o
 .debug_loc     0x00001d48      0x238 ..\obj\stm32f10x_pwr.o
 .debug_loc     0x00001f80       0x64 ..\obj\startup_stm32f10x_md.o
 .debug_loc     0x00001fe4      0x578 ..\obj\stm32f10x_can.o
 .debug_loc     0x0000255c      0x3e4 ..\obj\stm32f10x_gpio.o
 .debug_loc     0x00002940       0x2c ..\obj\main.o
 .debug_loc     0x0000296c      0x12c ..\obj\stm32f10x_crc.o
 .debug_loc     0x00002a98       0xbc ..\obj\rcPwm.o
 .debug_loc     0x00002b54      0x3ea ..\obj\printf.o
 .debug_loc     0x00002f3e      0x6dc ..\obj\stm32f10x_rcc.o
 .debug_loc     0x0000361a      0x1b4 ..\obj\stm32f10x_exti.o
 .debug_loc     0x000037ce      0x7d4 ..\obj\stm32f10x_adc.o
 .debug_loc     0x00003fa2      0x658 ..\obj\stm32f10x_usart.o
 .debug_loc     0x000045fa      0x1ec ..\obj\syscalls.o
 .debug_loc     0x000047e6      0x5d8 ..\obj\stm32f10x_flash.o
 .debug_loc     0x00004dbe      0x268 ..\obj\stm32f10x_dma.o
 .debug_loc     0x00005026      0x118 ..\obj\misc.o
 .debug_loc     0x0000513e      0x190 ..\obj\stm32f10x_wwdg.o
 .debug_loc     0x000052ce      0x508 ..\obj\stm32f10x_spi.o
 .debug_loc     0x000057d6      0x738 ..\obj\stm32f10x_i2c.o
 .debug_loc     0x00005f0e      0x264 ..\obj\stm32f10x_bkp.o
 .debug_loc     0x00006172      0x138 ..\obj\stm32f10x_iwdg.o

.debug_aranges  0x00000000     0x1140
 .debug_aranges
                0x00000000       0x88 ..\obj\stm32f10x_rtc.o
 .debug_aranges
                0x00000088       0x30 ..\obj\semihosting.o
 .debug_aranges
                0x000000b8      0x2f0 ..\obj\stm32f10x_tim.o
 .debug_aranges
                0x000003a8       0xc8 ..\obj\core_cm3.o
 .debug_aranges
                0x00000470       0x30 ..\obj\openesc_v01.o
 .debug_aranges
                0x000004a0       0x30 ..\obj\stm32f10x_dbgmcu.o
 .debug_aranges
                0x000004d0       0x38 ..\obj\system_stm32f10x.o
 .debug_aranges
                0x00000508       0x70 ..\obj\stm32f10x_pwr.o
 .debug_aranges
                0x00000578       0x28 ..\obj\startup_stm32f10x_md.o
 .debug_aranges
                0x000005a0       0xe0 ..\obj\stm32f10x_can.o
 .debug_aranges
                0x00000680       0xa8 ..\obj\stm32f10x_gpio.o
 .debug_aranges
                0x00000728       0x20 ..\obj\main.o
 .debug_aranges
                0x00000748       0x48 ..\obj\stm32f10x_crc.o
 .debug_aranges
                0x00000790       0x38 ..\obj\rcPwm.o
 .debug_aranges
                0x000007c8       0xa0 ..\obj\printf.o
 .debug_aranges
                0x00000868      0x118 ..\obj\stm32f10x_rcc.o
 .debug_aranges
                0x00000980       0x58 ..\obj\stm32f10x_exti.o
 .debug_aranges
                0x000009d8      0x138 ..\obj\stm32f10x_adc.o
 .debug_aranges
                0x00000b10      0x100 ..\obj\stm32f10x_usart.o
 .debug_aranges
                0x00000c10       0x20 ..\obj\sh_cmd.o
 .debug_aranges
                0x00000c30       0x60 ..\obj\syscalls.o
 .debug_aranges
                0x00000c90       0xf8 ..\obj\stm32f10x_flash.o
 .debug_aranges
                0x00000d88       0x70 ..\obj\stm32f10x_dma.o
 .debug_aranges
                0x00000df8       0x40 ..\obj\misc.o
 .debug_aranges
                0x00000e38       0x58 ..\obj\stm32f10x_wwdg.o
 .debug_aranges
                0x00000e90       0xd0 ..\obj\stm32f10x_spi.o
 .debug_aranges
                0x00000f60      0x120 ..\obj\stm32f10x_i2c.o
 .debug_aranges
                0x00001080       0x78 ..\obj\stm32f10x_bkp.o
 .debug_aranges
                0x000010f8       0x48 ..\obj\stm32f10x_iwdg.o

.debug_ranges   0x00000000      0xf60
 .debug_ranges  0x00000000       0x78 ..\obj\stm32f10x_rtc.o
 .debug_ranges  0x00000078       0x20 ..\obj\semihosting.o
 .debug_ranges  0x00000098      0x2e0 ..\obj\stm32f10x_tim.o
 .debug_ranges  0x00000378       0xb8 ..\obj\core_cm3.o
 .debug_ranges  0x00000430       0x20 ..\obj\openesc_v01.o
 .debug_ranges  0x00000450       0x20 ..\obj\stm32f10x_dbgmcu.o
 .debug_ranges  0x00000470       0x28 ..\obj\system_stm32f10x.o
 .debug_ranges  0x00000498       0x60 ..\obj\stm32f10x_pwr.o
 .debug_ranges  0x000004f8       0x18 ..\obj\startup_stm32f10x_md.o
 .debug_ranges  0x00000510       0xd0 ..\obj\stm32f10x_can.o
 .debug_ranges  0x000005e0       0x98 ..\obj\stm32f10x_gpio.o
 .debug_ranges  0x00000678       0x10 ..\obj\main.o
 .debug_ranges  0x00000688       0x38 ..\obj\stm32f10x_crc.o
 .debug_ranges  0x000006c0       0x28 ..\obj\rcPwm.o
 .debug_ranges  0x000006e8       0x90 ..\obj\printf.o
 .debug_ranges  0x00000778      0x108 ..\obj\stm32f10x_rcc.o
 .debug_ranges  0x00000880       0x48 ..\obj\stm32f10x_exti.o
 .debug_ranges  0x000008c8      0x128 ..\obj\stm32f10x_adc.o
 .debug_ranges  0x000009f0       0xf0 ..\obj\stm32f10x_usart.o
 .debug_ranges  0x00000ae0       0x50 ..\obj\syscalls.o
 .debug_ranges  0x00000b30       0xe8 ..\obj\stm32f10x_flash.o
 .debug_ranges  0x00000c18       0x60 ..\obj\stm32f10x_dma.o
 .debug_ranges  0x00000c78       0x30 ..\obj\misc.o
 .debug_ranges  0x00000ca8       0x48 ..\obj\stm32f10x_wwdg.o
 .debug_ranges  0x00000cf0       0xc0 ..\obj\stm32f10x_spi.o
 .debug_ranges  0x00000db0      0x110 ..\obj\stm32f10x_i2c.o
 .debug_ranges  0x00000ec0       0x68 ..\obj\stm32f10x_bkp.o
 .debug_ranges  0x00000f28       0x38 ..\obj\stm32f10x_iwdg.o

.debug_line     0x00000000     0x4f67
 .debug_line    0x00000000      0x26a ..\obj\stm32f10x_rtc.o
 .debug_line    0x0000026a       0xa0 ..\obj\semihosting.o
 .debug_line    0x0000030a      0xa22 ..\obj\stm32f10x_tim.o
 .debug_line    0x00000d2c      0x27b ..\obj\core_cm3.o
 .debug_line    0x00000fa7      0x1e2 ..\obj\openesc_v01.o
 .debug_line    0x00001189      0x177 ..\obj\stm32f10x_dbgmcu.o
 .debug_line    0x00001300      0x1fc ..\obj\system_stm32f10x.o
 .debug_line    0x000014fc      0x227 ..\obj\stm32f10x_pwr.o
 .debug_line    0x00001723       0x99 ..\obj\startup_stm32f10x_md.o
 .debug_line    0x000017bc      0x4ea ..\obj\stm32f10x_can.o
 .debug_line    0x00001ca6      0x33c ..\obj\stm32f10x_gpio.o
 .debug_line    0x00001fe2       0x8a ..\obj\main.o
 .debug_line    0x0000206c      0x1bc ..\obj\stm32f10x_crc.o
 .debug_line    0x00002228      0x1a4 ..\obj\rcPwm.o
 .debug_line    0x000023cc      0x3ce ..\obj\printf.o
 .debug_line    0x0000279a      0x44a ..\obj\stm32f10x_rcc.o
 .debug_line    0x00002be4        0x0 ..\obj\motor.o
 .debug_line    0x00002be4      0x231 ..\obj\stm32f10x_exti.o
 .debug_line    0x00002e15      0x4b0 ..\obj\stm32f10x_adc.o
 .debug_line    0x000032c5      0x428 ..\obj\stm32f10x_usart.o
 .debug_line    0x000036ed       0x73 ..\obj\sh_cmd.o
 .debug_line    0x00003760      0x189 ..\obj\syscalls.o
 .debug_line    0x000038e9      0x466 ..\obj\stm32f10x_flash.o
 .debug_line    0x00003d4f      0x290 ..\obj\stm32f10x_dma.o
 .debug_line    0x00003fdf        0x0 ..\obj\motPwm.o
 .debug_line    0x00003fdf      0x1d1 ..\obj\misc.o
 .debug_line    0x000041b0      0x1d4 ..\obj\stm32f10x_wwdg.o
 .debug_line    0x00004384      0x3af ..\obj\stm32f10x_spi.o
 .debug_line    0x00004733      0x464 ..\obj\stm32f10x_i2c.o
 .debug_line    0x00004b97      0x223 ..\obj\stm32f10x_bkp.o
 .debug_line    0x00004dba      0x1ad ..\obj\stm32f10x_iwdg.o

.debug_str      0x00000000     0x46fa
 .debug_str     0x00000000      0x2db ..\obj\stm32f10x_rtc.o
                                0x333 (size before relaxing)
 .debug_str     0x000002db       0x70 ..\obj\semihosting.o
                                0x142 (size before relaxing)
 .debug_str     0x0000034b      0xb77 ..\obj\stm32f10x_tim.o
                                0xd6e (size before relaxing)
 .debug_str     0x00000ec2      0x159 ..\obj\core_cm3.o
                                0x25d (size before relaxing)
 .debug_str     0x0000101b      0x215 ..\obj\openesc_v01.o
                                0x31e (size before relaxing)
 .debug_str     0x00001230       0x8d ..\obj\stm32f10x_dbgmcu.o
                                0x198 (size before relaxing)
 .debug_str     0x000012bd      0x15e ..\obj\system_stm32f10x.o
                                0x270 (size before relaxing)
 .debug_str     0x0000141b      0x11e ..\obj\stm32f10x_pwr.o
                                0x2a3 (size before relaxing)
 .debug_str     0x00001539       0xa7 ..\obj\startup_stm32f10x_md.o
                                0x10f (size before relaxing)
 .debug_str     0x000015e0      0x51b ..\obj\stm32f10x_can.o
                                0x6bf (size before relaxing)
 .debug_str     0x00001afb      0x251 ..\obj\stm32f10x_gpio.o
                                0x4aa (size before relaxing)
 .debug_str     0x00001d4c       0x28 ..\obj\main.o
                                0x102 (size before relaxing)
 .debug_str     0x00001d74       0xbf ..\obj\stm32f10x_crc.o
                                0x1cc (size before relaxing)
 .debug_str     0x00001e33       0xb0 ..\obj\rcPwm.o
                                0x2c8 (size before relaxing)
 .debug_str     0x00001ee3      0x4c5 ..\obj\printf.o
                                0x5fe (size before relaxing)
 .debug_str     0x000023a8      0x362 ..\obj\stm32f10x_rcc.o
                                0x5ab (size before relaxing)
 .debug_str     0x0000270a      0x1c9 ..\obj\stm32f10x_exti.o
                                0x2ef (size before relaxing)
 .debug_str     0x000028d3      0x523 ..\obj\stm32f10x_adc.o
                                0x68c (size before relaxing)
 .debug_str     0x00002df6      0x41f ..\obj\stm32f10x_usart.o
                                0x621 (size before relaxing)
 .debug_str     0x00003215      0x13e ..\obj\syscalls.o
                                0x276 (size before relaxing)
 .debug_str     0x00003353      0x3fe ..\obj\stm32f10x_flash.o
                                0x579 (size before relaxing)
 .debug_str     0x00003751      0x213 ..\obj\stm32f10x_dma.o
                                0x352 (size before relaxing)
 .debug_str     0x00003964      0x1ba ..\obj\misc.o
                                0x354 (size before relaxing)
 .debug_str     0x00003b1e       0xd3 ..\obj\stm32f10x_wwdg.o
                                0x1f9 (size before relaxing)
 .debug_str     0x00003bf1      0x360 ..\obj\stm32f10x_spi.o
                                0x58e (size before relaxing)
 .debug_str     0x00003f51      0x3b1 ..\obj\stm32f10x_i2c.o
                                0x5f7 (size before relaxing)
 .debug_str     0x00004302      0x321 ..\obj\stm32f10x_bkp.o
                                0x546 (size before relaxing)
 .debug_str     0x00004623       0xd7 ..\obj\stm32f10x_iwdg.o
                                0x1ed (size before relaxing)

.comment        0x00000000       0x70
 .comment       0x00000000       0x70 ..\obj\stm32f10x_rtc.o
                                 0x71 (size before relaxing)
 .comment       0x00000000       0x71 ..\obj\semihosting.o
 .comment       0x00000000       0x71 ..\obj\stm32f10x_tim.o
 .comment       0x00000000       0x71 ..\obj\core_cm3.o
 .comment       0x00000000       0x71 ..\obj\openesc_v01.o
 .comment       0x00000000       0x71 ..\obj\stm32f10x_dbgmcu.o
 .comment       0x00000000       0x71 ..\obj\system_stm32f10x.o
 .comment       0x00000000       0x71 ..\obj\stm32f10x_pwr.o
 .comment       0x00000000       0x71 ..\obj\startup_stm32f10x_md.o
 .comment       0x00000000       0x71 ..\obj\stm32f10x_can.o
 .comment       0x00000000       0x71 ..\obj\stm32f10x_gpio.o
 .comment       0x00000000       0x71 ..\obj\main.o
 .comment       0x00000000       0x71 ..\obj\stm32f10x_crc.o
 .comment       0x00000000       0x71 ..\obj\rcPwm.o
 .comment       0x00000000       0x71 ..\obj\printf.o
 .comment       0x00000000       0x71 ..\obj\stm32f10x_rcc.o
 .comment       0x00000000       0x71 ..\obj\motor.o
 .comment       0x00000000       0x71 ..\obj\stm32f10x_exti.o
 .comment       0x00000000       0x71 ..\obj\stm32f10x_adc.o
 .comment       0x00000000       0x71 ..\obj\stm32f10x_usart.o
 .comment       0x00000000       0x71 ..\obj\syscalls.o
 .comment       0x00000000       0x71 ..\obj\stm32f10x_flash.o
 .comment       0x00000000       0x71 ..\obj\stm32f10x_dma.o
 .comment       0x00000000       0x71 ..\obj\motPwm.o
 .comment       0x00000000       0x71 ..\obj\misc.o
 .comment       0x00000000       0x71 ..\obj\stm32f10x_wwdg.o
 .comment       0x00000000       0x71 ..\obj\stm32f10x_spi.o
 .comment       0x00000000       0x71 ..\obj\stm32f10x_i2c.o
 .comment       0x00000000       0x71 ..\obj\stm32f10x_bkp.o
 .comment       0x00000000       0x71 ..\obj\stm32f10x_iwdg.o

.ARM.attributes
                0x00000000       0x31
 .ARM.attributes
                0x00000000       0x33 ..\obj\stm32f10x_rtc.o
 .ARM.attributes
                0x00000033       0x33 ..\obj\semihosting.o
 .ARM.attributes
                0x00000066       0x33 ..\obj\stm32f10x_tim.o
 .ARM.attributes
                0x00000099       0x33 ..\obj\core_cm3.o
 .ARM.attributes
                0x000000cc       0x33 ..\obj\openesc_v01.o
 .ARM.attributes
                0x000000ff       0x33 ..\obj\stm32f10x_dbgmcu.o
 .ARM.attributes
                0x00000132       0x33 ..\obj\system_stm32f10x.o
 .ARM.attributes
                0x00000165       0x33 ..\obj\stm32f10x_pwr.o
 .ARM.attributes
                0x00000198       0x33 ..\obj\startup_stm32f10x_md.o
 .ARM.attributes
                0x000001cb       0x33 ..\obj\stm32f10x_can.o
 .ARM.attributes
                0x000001fe       0x33 ..\obj\stm32f10x_gpio.o
 .ARM.attributes
                0x00000231       0x33 ..\obj\main.o
 .ARM.attributes
                0x00000264       0x33 ..\obj\stm32f10x_crc.o
 .ARM.attributes
                0x00000297       0x33 ..\obj\rcPwm.o
 .ARM.attributes
                0x000002ca       0x33 ..\obj\printf.o
 .ARM.attributes
                0x000002fd       0x33 ..\obj\stm32f10x_rcc.o
 .ARM.attributes
                0x00000330       0x33 ..\obj\motor.o
 .ARM.attributes
                0x00000363       0x33 ..\obj\stm32f10x_exti.o
 .ARM.attributes
                0x00000396       0x33 ..\obj\stm32f10x_adc.o
 .ARM.attributes
                0x000003c9       0x33 ..\obj\stm32f10x_usart.o
 .ARM.attributes
                0x000003fc       0x21 ..\obj\sh_cmd.o
 .ARM.attributes
                0x0000041d       0x33 ..\obj\syscalls.o
 .ARM.attributes
                0x00000450       0x33 ..\obj\stm32f10x_flash.o
 .ARM.attributes
                0x00000483       0x33 ..\obj\stm32f10x_dma.o
 .ARM.attributes
                0x000004b6       0x33 ..\obj\motPwm.o
 .ARM.attributes
                0x000004e9       0x33 ..\obj\misc.o
 .ARM.attributes
                0x0000051c       0x33 ..\obj\stm32f10x_wwdg.o
 .ARM.attributes
                0x0000054f       0x33 ..\obj\stm32f10x_spi.o
 .ARM.attributes
                0x00000582       0x33 ..\obj\stm32f10x_i2c.o
 .ARM.attributes
                0x000005b5       0x33 ..\obj\stm32f10x_bkp.o
 .ARM.attributes
                0x000005e8       0x33 ..\obj\stm32f10x_iwdg.o

.debug_frame    0x00000000     0x34f8
 .debug_frame   0x00000000      0x194 ..\obj\stm32f10x_rtc.o
 .debug_frame   0x00000194       0x70 ..\obj\semihosting.o
 .debug_frame   0x00000204      0xa20 ..\obj\stm32f10x_tim.o
 .debug_frame   0x00000c24      0x280 ..\obj\core_cm3.o
 .debug_frame   0x00000ea4       0x68 ..\obj\openesc_v01.o
 .debug_frame   0x00000f0c       0x5c ..\obj\stm32f10x_dbgmcu.o
 .debug_frame   0x00000f68       0x80 ..\obj\system_stm32f10x.o
 .debug_frame   0x00000fe8      0x140 ..\obj\stm32f10x_pwr.o
 .debug_frame   0x00001128       0x48 ..\obj\startup_stm32f10x_md.o
 .debug_frame   0x00001170      0x2d4 ..\obj\stm32f10x_can.o
 .debug_frame   0x00001444      0x210 ..\obj\stm32f10x_gpio.o
 .debug_frame   0x00001654       0x2c ..\obj\main.o
 .debug_frame   0x00001680       0xac ..\obj\stm32f10x_crc.o
 .debug_frame   0x0000172c       0x7c ..\obj\rcPwm.o
 .debug_frame   0x000017a8      0x244 ..\obj\printf.o
 .debug_frame   0x000019ec      0x388 ..\obj\stm32f10x_rcc.o
 .debug_frame   0x00001d74       0xec ..\obj\stm32f10x_exti.o
 .debug_frame   0x00001e60      0x400 ..\obj\stm32f10x_adc.o
 .debug_frame   0x00002260      0x344 ..\obj\stm32f10x_usart.o
 .debug_frame   0x000025a4      0x108 ..\obj\syscalls.o
 .debug_frame   0x000026ac      0x338 ..\obj\stm32f10x_flash.o
 .debug_frame   0x000029e4      0x144 ..\obj\stm32f10x_dma.o
 .debug_frame   0x00002b28       0x9c ..\obj\misc.o
 .debug_frame   0x00002bc4       0xe4 ..\obj\stm32f10x_wwdg.o
 .debug_frame   0x00002ca8      0x29c ..\obj\stm32f10x_spi.o
 .debug_frame   0x00002f44      0x3b4 ..\obj\stm32f10x_i2c.o
 .debug_frame   0x000032f8      0x150 ..\obj\stm32f10x_bkp.o
 .debug_frame   0x00003448       0xb0 ..\obj\stm32f10x_iwdg.o
