| C1         2.2uF 50V   ; TDK Corporation; C2012Y5V1H225Z
| C2         1000pF 10V  ; TDK Corporation; C0402X5R1A102K
| C3         1uF 10V     ; TDK Corporation; C1005X5R1A105K
| C4         1uF 10V     ; TDK Corporation; C1005X5R1A105K
| C5         1uF 10V     ; TDK Corporation; C1005X5R1A105K
| C6         1uF 10V     ; TDK Corporation; C1005X5R1A105K
| C7         1uF 10V     ; TDK Corporation; C1005X5R1A105K
| C8         0.47uF 25V  ; Taiyo Yuden ; TMK212BJ474KD-T
| C9         0.47uF 25V  ; Taiyo Yuden ; TMK212BJ474KD-T
| C10        0.47uF 25V  ; Taiyo Yuden ; TMK212BJ474KD-T
| C11        1000pF 10V  ; TDK Corporation; C0402X5R1A102K
| C12        0.47uF 16V  ; Murata Electronics North America; GRM155F51C474ZA01D
| C13        0.47uF 16V  ; Murata Electronics North America; GRM155F51C474ZA01D
| C14        0.47uF 16V  ; Murata Electronics North America; GRM155F51C474ZA01D
| C15        1uF 16V     ; TDK Corporation; C1005X5R1C105K
| C16        10uF 10V    ; TDK Corporation; C2012Y5V1A106Z
| C17        10uF 10V    ; TDK Corporation; C2012Y5V1A106Z
| D1         1PS79SB70,115; NXP Semiconductors; 1PS79SB70,115
| D2         STATUS      ; Lite-On, Inc.; LTST-C190GKT
| D3         ERR         ; Lite-On, Inc.; LTST-C190EKT
| D4         1PS79SB70,115; NXP Semiconductors; 1PS79SB70,115
| D5         1PS79SB70,115; NXP Semiconductors; 1PS79SB70,115
| D6         SMS3924-079LF; NXP Semiconductors; 1PS79SB70,115
| D7         1PS79SB70,115; NXP Semiconductors; 1PS79SB70,115
| K1         PWM         
| L1         47uH        ; Taiyo Yuden ; CBC2012T470M
| P1         CONN_6      
| P2         CONN_5      
| P3         BOOT0       
| Q1         PSMN010-25YLC,115; NXP Semiconductors; PSMN010-25YLC,115
| Q2         PSMN010-25YLC,115; NXP Semiconductors; PSMN010-25YLC,115
| Q3         PSMN010-25YLC,115; NXP Semiconductors; PSMN010-25YLC,115
| Q4         PSMN010-25YLC,115; NXP Semiconductors; PSMN010-25YLC,115
| Q5         PSMN010-25YLC,115; NXP Semiconductors; PSMN010-25YLC,115
| Q6         PSMN010-25YLC,115; NXP Semiconductors; PSMN010-25YLC,115
| R1         100         ; Yageo       ; RC0402FR-07100RL
| R2         10.0k       ; Yageo       ; RC0402FR-0710KL
| R3         1.0k        ; Yageo       ; RC0402FR-071KL
| R4         10.0k       ; Yageo       ; RC0402FR-0710KL
| R5         1.0k        ; Yageo       ; RC0402FR-071KL
| R6         10.0k       ; Yageo       ; RC0402FR-0710KL
| R7         1.0k        ; Yageo       ; RC0402FR-071KL
| R8         10.0k       ; Yageo       ; RC0402FR-0710KL
| R9         1.0k        ; Yageo       ; RC0402FR-071KL
| R10        1.0k        ; Yageo       ; RC0402FR-071KL
| R11        DNP         
| R12        DNP         
| R13        1.0k        ; Yageo       ; RC0402FR-071KL
| R14        DNP         
| R15        1.0k        ; Yageo       ; RC0402FR-071KL
| R16        1.0k        ; Yageo       ; RC0402FR-071KL
| R17        33          ; Yageo       ; RC0402FR-0733RL
| R18        33          ; Yageo       ; RC0402FR-0733RL
| R19        33          ; Yageo       ; RC0402FR-0733RL
| R20        33          ; Yageo       ; RC0402FR-0733RL
| R21        33          ; Yageo       ; RC0402FR-0733RL
| R22        33          ; Yageo       ; RC0402FR-0733RL
| R23        1.0k        ; Yageo       ; RC0402FR-071KL
| R24        10.0k       ; Yageo       ; RC0402FR-0710KL
| R25        1.0k        ; Yageo       ; RC0402FR-071KL
| U1         V_REG_SWITCHING_LMR14203; National Semiconductor; LMR14203XMKE/NOPB
| U2         MCP1804T-3302I/OT; Microchip, Inc.; MCP1804T-3302I/OT
| U4         STM32F103XX-48; STMicroelectronics; STM32F103C8T6
| U5         LM5109B     ; National Semiconductor; LM5109BMA/NOPB
| U6         LM5109B     ; National Semiconductor; LM5109BMA/NOPB
| U7         LM5109B     ; National Semiconductor; LM5109BMA/NOPB
| U8         CURR_SENSE  ; Allegro Microsystems, Inc.; ACS711KLCTR-25AB-T
